// Jest Snapshot v1, https://goo.gl/fbAQLP

exports[`<VectorAuthFooter /> should match snapshot 1`] = `
<DocumentFragment>
  <footer
    class="mx_AuthFooter"
    role="contentinfo"
  >

  </footer>
</DocumentFragment>
`;
